2020-04-10 15:21:01 DEBUG cache:44 - Couldn't find template in cache for "admin/login.ftl"("zh_CN", UTF-8, parsed); will try to load it.
2020-04-10 15:21:01 DEBUG cache:44 - TemplateLoader.findTemplateSource("admin/login_zh_CN.ftl"): Not found
2020-04-10 15:21:01 DEBUG cache:44 - TemplateLoader.findTemplateSource("admin/login_zh.ftl"): Not found
2020-04-10 15:21:01 DEBUG cache:44 - TemplateLoader.findTemplateSource("admin/login.ftl"): Found
2020-04-10 15:21:01 DEBUG cache:44 - Loading template for "admin/login.ftl"("zh_CN", UTF-8, parsed) from "D:\\LHJ\\SpringBootProject\\Second2.0\\target\\classes\\templates\\admin\\login.ftl"
2020-04-10 15:21:01 DEBUG cache:44 - "admin/login.ftl"("zh_CN", UTF-8, parsed) cached copy not yet stale; using cached.
2020-04-10 15:21:03 DEBUG cache:44 - "admin/login.ftl"("zh_CN", UTF-8, parsed) cached copy not yet stale; using cached.
2020-04-10 15:21:03 DEBUG cache:44 - "admin/login.ftl"("zh_CN", UTF-8, parsed) cached copy not yet stale; using cached.
2020-04-10 15:21:14 DEBUG cache:44 - TemplateLoader.findTemplateSource("admin/login_zh_CN.ftl"): Not found
2020-04-10 15:21:14 DEBUG cache:44 - TemplateLoader.findTemplateSource("admin/login_zh.ftl"): Not found
2020-04-10 15:21:14 DEBUG cache:44 - TemplateLoader.findTemplateSource("admin/login.ftl"): Found
2020-04-10 15:21:14 DEBUG cache:44 - "admin/login.ftl"("zh_CN", UTF-8, parsed): using cached since D:\LHJ\SpringBootProject\Second2.0\target\classes\templates\admin\login.ftl hasn't changed.
2020-04-10 15:21:14 DEBUG cache:44 - "admin/login.ftl"("zh_CN", UTF-8, parsed) cached copy not yet stale; using cached.
2020-04-10 15:21:14 DEBUG cache:44 - "admin/login.ftl"("zh_CN", UTF-8, parsed) cached copy not yet stale; using cached.
2020-04-10 15:21:14 DEBUG cache:44 - "admin/login.ftl"("zh_CN", UTF-8, parsed) cached copy not yet stale; using cached.
2020-04-10 15:21:22 DEBUG cache:44 - TemplateLoader.findTemplateSource("admin/login_zh_CN.ftl"): Not found
2020-04-10 15:21:22 DEBUG cache:44 - TemplateLoader.findTemplateSource("admin/login_zh.ftl"): Not found
2020-04-10 15:21:22 DEBUG cache:44 - TemplateLoader.findTemplateSource("admin/login.ftl"): Found
2020-04-10 15:21:22 DEBUG cache:44 - "admin/login.ftl"("zh_CN", UTF-8, parsed): using cached since D:\LHJ\SpringBootProject\Second2.0\target\classes\templates\admin\login.ftl hasn't changed.
2020-04-10 15:21:22 DEBUG cache:44 - "admin/login.ftl"("zh_CN", UTF-8, parsed) cached copy not yet stale; using cached.
2020-04-10 15:21:22 DEBUG cache:44 - "admin/login.ftl"("zh_CN", UTF-8, parsed) cached copy not yet stale; using cached.
2020-04-10 15:21:22 DEBUG cache:44 - "admin/login.ftl"("zh_CN", UTF-8, parsed) cached copy not yet stale; using cached.
2020-04-10 15:21:29 DEBUG cache:44 - Couldn't find template in cache for "admin/index.ftl"("zh_CN", UTF-8, parsed); will try to load it.
2020-04-10 15:21:29 DEBUG cache:44 - TemplateLoader.findTemplateSource("admin/index_zh_CN.ftl"): Not found
2020-04-10 15:21:29 DEBUG cache:44 - TemplateLoader.findTemplateSource("admin/index_zh.ftl"): Not found
2020-04-10 15:21:29 DEBUG cache:44 - TemplateLoader.findTemplateSource("admin/index.ftl"): Found
2020-04-10 15:21:29 DEBUG cache:44 - Loading template for "admin/index.ftl"("zh_CN", UTF-8, parsed) from "D:\\LHJ\\SpringBootProject\\Second2.0\\target\\classes\\templates\\admin\\index.ftl"
2020-04-10 15:21:29 DEBUG cache:44 - "admin/index.ftl"("zh_CN", UTF-8, parsed) cached copy not yet stale; using cached.
2020-04-10 15:21:30 DEBUG cache:44 - Couldn't find template in cache for "admin/welcome.ftl"("zh_CN", UTF-8, parsed); will try to load it.
2020-04-10 15:21:30 DEBUG cache:44 - TemplateLoader.findTemplateSource("admin/welcome_zh_CN.ftl"): Not found
2020-04-10 15:21:30 DEBUG cache:44 - TemplateLoader.findTemplateSource("admin/welcome_zh.ftl"): Not found
2020-04-10 15:21:30 DEBUG cache:44 - TemplateLoader.findTemplateSource("admin/welcome.ftl"): Found
2020-04-10 15:21:30 DEBUG cache:44 - Loading template for "admin/welcome.ftl"("zh_CN", UTF-8, parsed) from "D:\\LHJ\\SpringBootProject\\Second2.0\\target\\classes\\templates\\admin\\welcome.ftl"
2020-04-10 15:21:30 DEBUG cache:44 - "admin/welcome.ftl"("zh_CN", UTF-8, parsed) cached copy not yet stale; using cached.
2020-04-10 15:22:50 DEBUG cache:44 - TemplateLoader.findTemplateSource("admin/index_zh_CN.ftl"): Not found
2020-04-10 15:22:50 DEBUG cache:44 - TemplateLoader.findTemplateSource("admin/index_zh.ftl"): Not found
2020-04-10 15:22:50 DEBUG cache:44 - TemplateLoader.findTemplateSource("admin/index.ftl"): Found
2020-04-10 15:22:50 DEBUG cache:44 - "admin/index.ftl"("zh_CN", UTF-8, parsed): using cached since D:\LHJ\SpringBootProject\Second2.0\target\classes\templates\admin\index.ftl hasn't changed.
2020-04-10 15:22:50 DEBUG cache:44 - "admin/index.ftl"("zh_CN", UTF-8, parsed) cached copy not yet stale; using cached.
2020-04-10 15:22:50 DEBUG cache:44 - TemplateLoader.findTemplateSource("admin/welcome_zh_CN.ftl"): Not found
2020-04-10 15:22:50 DEBUG cache:44 - TemplateLoader.findTemplateSource("admin/welcome_zh.ftl"): Not found
2020-04-10 15:22:50 DEBUG cache:44 - TemplateLoader.findTemplateSource("admin/welcome.ftl"): Found
2020-04-10 15:22:50 DEBUG cache:44 - "admin/welcome.ftl"("zh_CN", UTF-8, parsed): using cached since D:\LHJ\SpringBootProject\Second2.0\target\classes\templates\admin\welcome.ftl hasn't changed.
2020-04-10 15:22:50 DEBUG cache:44 - "admin/welcome.ftl"("zh_CN", UTF-8, parsed) cached copy not yet stale; using cached.
2020-04-10 15:27:20 DEBUG cache:44 - Couldn't find template in cache for "admin/login.ftl"("zh_CN", UTF-8, parsed); will try to load it.
2020-04-10 15:27:20 DEBUG cache:44 - TemplateLoader.findTemplateSource("admin/login_zh_CN.ftl"): Not found
2020-04-10 15:27:20 DEBUG cache:44 - TemplateLoader.findTemplateSource("admin/login_zh.ftl"): Not found
2020-04-10 15:27:20 DEBUG cache:44 - TemplateLoader.findTemplateSource("admin/login.ftl"): Found
2020-04-10 15:27:20 DEBUG cache:44 - Loading template for "admin/login.ftl"("zh_CN", UTF-8, parsed) from "D:\\LHJ\\SpringBootProject\\Second2.0\\target\\classes\\templates\\admin\\login.ftl"
2020-04-10 15:27:20 DEBUG cache:44 - "admin/login.ftl"("zh_CN", UTF-8, parsed) cached copy not yet stale; using cached.
2020-04-10 15:27:29 DEBUG cache:44 - Couldn't find template in cache for "admin/index.ftl"("zh_CN", UTF-8, parsed); will try to load it.
2020-04-10 15:27:29 DEBUG cache:44 - TemplateLoader.findTemplateSource("admin/index_zh_CN.ftl"): Not found
2020-04-10 15:27:29 DEBUG cache:44 - TemplateLoader.findTemplateSource("admin/index_zh.ftl"): Not found
2020-04-10 15:27:29 DEBUG cache:44 - TemplateLoader.findTemplateSource("admin/index.ftl"): Found
2020-04-10 15:27:29 DEBUG cache:44 - Loading template for "admin/index.ftl"("zh_CN", UTF-8, parsed) from "D:\\LHJ\\SpringBootProject\\Second2.0\\target\\classes\\templates\\admin\\index.ftl"
2020-04-10 15:27:29 DEBUG cache:44 - "admin/index.ftl"("zh_CN", UTF-8, parsed) cached copy not yet stale; using cached.
2020-04-10 15:27:29 DEBUG cache:44 - Couldn't find template in cache for "admin/welcome.ftl"("zh_CN", UTF-8, parsed); will try to load it.
2020-04-10 15:27:29 DEBUG cache:44 - TemplateLoader.findTemplateSource("admin/welcome_zh_CN.ftl"): Not found
2020-04-10 15:27:29 DEBUG cache:44 - TemplateLoader.findTemplateSource("admin/welcome_zh.ftl"): Not found
2020-04-10 15:27:29 DEBUG cache:44 - TemplateLoader.findTemplateSource("admin/welcome.ftl"): Found
2020-04-10 15:27:29 DEBUG cache:44 - Loading template for "admin/welcome.ftl"("zh_CN", UTF-8, parsed) from "D:\\LHJ\\SpringBootProject\\Second2.0\\target\\classes\\templates\\admin\\welcome.ftl"
2020-04-10 15:27:29 DEBUG cache:44 - "admin/welcome.ftl"("zh_CN", UTF-8, parsed) cached copy not yet stale; using cached.
2020-04-10 15:31:21 DEBUG cache:44 - Couldn't find template in cache for "admin/login.ftl"("zh_CN", UTF-8, parsed); will try to load it.
2020-04-10 15:31:21 DEBUG cache:44 - TemplateLoader.findTemplateSource("admin/login_zh_CN.ftl"): Not found
2020-04-10 15:31:21 DEBUG cache:44 - TemplateLoader.findTemplateSource("admin/login_zh.ftl"): Not found
2020-04-10 15:31:21 DEBUG cache:44 - TemplateLoader.findTemplateSource("admin/login.ftl"): Found
2020-04-10 15:31:21 DEBUG cache:44 - Loading template for "admin/login.ftl"("zh_CN", UTF-8, parsed) from "D:\\LHJ\\SpringBootProject\\Second2.0\\target\\classes\\templates\\admin\\login.ftl"
2020-04-10 15:31:21 DEBUG cache:44 - "admin/login.ftl"("zh_CN", UTF-8, parsed) cached copy not yet stale; using cached.
2020-04-10 15:31:35 DEBUG cache:44 - Couldn't find template in cache for "admin/index.ftl"("zh_CN", UTF-8, parsed); will try to load it.
2020-04-10 15:31:35 DEBUG cache:44 - TemplateLoader.findTemplateSource("admin/index_zh_CN.ftl"): Not found
2020-04-10 15:31:35 DEBUG cache:44 - TemplateLoader.findTemplateSource("admin/index_zh.ftl"): Not found
2020-04-10 15:31:35 DEBUG cache:44 - TemplateLoader.findTemplateSource("admin/index.ftl"): Found
2020-04-10 15:31:35 DEBUG cache:44 - Loading template for "admin/index.ftl"("zh_CN", UTF-8, parsed) from "D:\\LHJ\\SpringBootProject\\Second2.0\\target\\classes\\templates\\admin\\index.ftl"
2020-04-10 15:31:35 DEBUG cache:44 - "admin/index.ftl"("zh_CN", UTF-8, parsed) cached copy not yet stale; using cached.
2020-04-10 15:31:35 DEBUG cache:44 - Couldn't find template in cache for "admin/welcome.ftl"("zh_CN", UTF-8, parsed); will try to load it.
2020-04-10 15:31:35 DEBUG cache:44 - TemplateLoader.findTemplateSource("admin/welcome_zh_CN.ftl"): Not found
2020-04-10 15:31:35 DEBUG cache:44 - TemplateLoader.findTemplateSource("admin/welcome_zh.ftl"): Not found
2020-04-10 15:31:35 DEBUG cache:44 - TemplateLoader.findTemplateSource("admin/welcome.ftl"): Found
2020-04-10 15:31:35 DEBUG cache:44 - Loading template for "admin/welcome.ftl"("zh_CN", UTF-8, parsed) from "D:\\LHJ\\SpringBootProject\\Second2.0\\target\\classes\\templates\\admin\\welcome.ftl"
2020-04-10 15:31:35 DEBUG cache:44 - "admin/welcome.ftl"("zh_CN", UTF-8, parsed) cached copy not yet stale; using cached.
2020-04-10 15:34:33 DEBUG cache:44 - Couldn't find template in cache for "admin/login.ftl"("zh_CN", UTF-8, parsed); will try to load it.
2020-04-10 15:34:33 DEBUG cache:44 - TemplateLoader.findTemplateSource("admin/login_zh_CN.ftl"): Not found
2020-04-10 15:34:33 DEBUG cache:44 - TemplateLoader.findTemplateSource("admin/login_zh.ftl"): Not found
2020-04-10 15:34:33 DEBUG cache:44 - TemplateLoader.findTemplateSource("admin/login.ftl"): Found
2020-04-10 15:34:33 DEBUG cache:44 - Loading template for "admin/login.ftl"("zh_CN", UTF-8, parsed) from "D:\\LHJ\\SpringBootProject\\Second2.0\\target\\classes\\templates\\admin\\login.ftl"
2020-04-10 15:34:33 DEBUG cache:44 - "admin/login.ftl"("zh_CN", UTF-8, parsed) cached copy not yet stale; using cached.
2020-04-10 15:34:39 DEBUG cache:44 - Couldn't find template in cache for "admin/index.ftl"("zh_CN", UTF-8, parsed); will try to load it.
2020-04-10 15:34:39 DEBUG cache:44 - TemplateLoader.findTemplateSource("admin/index_zh_CN.ftl"): Not found
2020-04-10 15:34:39 DEBUG cache:44 - TemplateLoader.findTemplateSource("admin/index_zh.ftl"): Not found
2020-04-10 15:34:39 DEBUG cache:44 - TemplateLoader.findTemplateSource("admin/index.ftl"): Found
2020-04-10 15:34:39 DEBUG cache:44 - Loading template for "admin/index.ftl"("zh_CN", UTF-8, parsed) from "D:\\LHJ\\SpringBootProject\\Second2.0\\target\\classes\\templates\\admin\\index.ftl"
2020-04-10 15:34:39 DEBUG cache:44 - "admin/index.ftl"("zh_CN", UTF-8, parsed) cached copy not yet stale; using cached.
2020-04-10 15:34:39 INFO  beans:64 - Detected multiple classes with the same name, "cn.second.lhj.menu.vm.MenuVM". Assuming it was a class-reloading. Clearing class introspection caches to release old data.
2020-04-10 15:34:39 DEBUG cache:44 - Couldn't find template in cache for "admin/welcome.ftl"("zh_CN", UTF-8, parsed); will try to load it.
2020-04-10 15:34:39 DEBUG cache:44 - TemplateLoader.findTemplateSource("admin/welcome_zh_CN.ftl"): Not found
2020-04-10 15:34:39 DEBUG cache:44 - TemplateLoader.findTemplateSource("admin/welcome_zh.ftl"): Not found
2020-04-10 15:34:39 DEBUG cache:44 - TemplateLoader.findTemplateSource("admin/welcome.ftl"): Found
2020-04-10 15:34:39 DEBUG cache:44 - Loading template for "admin/welcome.ftl"("zh_CN", UTF-8, parsed) from "D:\\LHJ\\SpringBootProject\\Second2.0\\target\\classes\\templates\\admin\\welcome.ftl"
2020-04-10 15:34:39 DEBUG cache:44 - "admin/welcome.ftl"("zh_CN", UTF-8, parsed) cached copy not yet stale; using cached.
2020-04-10 15:35:54 DEBUG cache:44 - Couldn't find template in cache for "admin/login.ftl"("zh_CN", UTF-8, parsed); will try to load it.
2020-04-10 15:35:54 DEBUG cache:44 - TemplateLoader.findTemplateSource("admin/login_zh_CN.ftl"): Not found
2020-04-10 15:35:54 DEBUG cache:44 - TemplateLoader.findTemplateSource("admin/login_zh.ftl"): Not found
2020-04-10 15:35:54 DEBUG cache:44 - TemplateLoader.findTemplateSource("admin/login.ftl"): Found
2020-04-10 15:35:54 DEBUG cache:44 - Loading template for "admin/login.ftl"("zh_CN", UTF-8, parsed) from "D:\\LHJ\\SpringBootProject\\Second2.0\\target\\classes\\templates\\admin\\login.ftl"
2020-04-10 15:35:54 DEBUG cache:44 - "admin/login.ftl"("zh_CN", UTF-8, parsed) cached copy not yet stale; using cached.
2020-04-10 17:26:49 DEBUG cache:44 - Couldn't find template in cache for "admin/login.ftl"("zh_CN", UTF-8, parsed); will try to load it.
2020-04-10 17:26:49 DEBUG cache:44 - TemplateLoader.findTemplateSource("admin/login_zh_CN.ftl"): Not found
2020-04-10 17:26:49 DEBUG cache:44 - TemplateLoader.findTemplateSource("admin/login_zh.ftl"): Not found
2020-04-10 17:26:49 DEBUG cache:44 - TemplateLoader.findTemplateSource("admin/login.ftl"): Found
2020-04-10 17:26:49 DEBUG cache:44 - Loading template for "admin/login.ftl"("zh_CN", UTF-8, parsed) from "D:\\LHJ\\SpringBootProject\\Second2.0\\target\\classes\\templates\\admin\\login.ftl"
2020-04-10 17:26:49 DEBUG cache:44 - "admin/login.ftl"("zh_CN", UTF-8, parsed) cached copy not yet stale; using cached.
2020-04-10 17:30:53 DEBUG cache:44 - Couldn't find template in cache for "admin/login.ftl"("zh_CN", UTF-8, parsed); will try to load it.
2020-04-10 17:30:53 DEBUG cache:44 - TemplateLoader.findTemplateSource("admin/login_zh_CN.ftl"): Not found
2020-04-10 17:30:53 DEBUG cache:44 - TemplateLoader.findTemplateSource("admin/login_zh.ftl"): Not found
2020-04-10 17:30:53 DEBUG cache:44 - TemplateLoader.findTemplateSource("admin/login.ftl"): Found
2020-04-10 17:30:53 DEBUG cache:44 - Loading template for "admin/login.ftl"("zh_CN", UTF-8, parsed) from "D:\\LHJ\\SpringBootProject\\Second2.0\\target\\classes\\templates\\admin\\login.ftl"
2020-04-10 17:30:53 DEBUG cache:44 - "admin/login.ftl"("zh_CN", UTF-8, parsed) cached copy not yet stale; using cached.
2020-04-10 17:31:04 DEBUG cache:44 - TemplateLoader.findTemplateSource("admin/login_zh_CN.ftl"): Not found
2020-04-10 17:31:04 DEBUG cache:44 - TemplateLoader.findTemplateSource("admin/login_zh.ftl"): Not found
2020-04-10 17:31:04 DEBUG cache:44 - TemplateLoader.findTemplateSource("admin/login.ftl"): Found
2020-04-10 17:31:04 DEBUG cache:44 - "admin/login.ftl"("zh_CN", UTF-8, parsed): using cached since D:\LHJ\SpringBootProject\Second2.0\target\classes\templates\admin\login.ftl hasn't changed.
2020-04-10 17:31:04 DEBUG cache:44 - "admin/login.ftl"("zh_CN", UTF-8, parsed) cached copy not yet stale; using cached.
2020-04-10 17:31:28 DEBUG cache:44 - TemplateLoader.findTemplateSource("admin/login_zh_CN.ftl"): Not found
2020-04-10 17:31:28 DEBUG cache:44 - TemplateLoader.findTemplateSource("admin/login_zh.ftl"): Not found
2020-04-10 17:31:28 DEBUG cache:44 - TemplateLoader.findTemplateSource("admin/login.ftl"): Found
2020-04-10 17:31:28 DEBUG cache:44 - "admin/login.ftl"("zh_CN", UTF-8, parsed): using cached since D:\LHJ\SpringBootProject\Second2.0\target\classes\templates\admin\login.ftl hasn't changed.
2020-04-10 17:31:28 DEBUG cache:44 - "admin/login.ftl"("zh_CN", UTF-8, parsed) cached copy not yet stale; using cached.
2020-04-10 17:31:29 DEBUG cache:44 - "admin/login.ftl"("zh_CN", UTF-8, parsed) cached copy not yet stale; using cached.
2020-04-10 17:31:29 DEBUG cache:44 - "admin/login.ftl"("zh_CN", UTF-8, parsed) cached copy not yet stale; using cached.
2020-04-19 20:29:35 DEBUG cache:44 - Couldn't find template in cache for "admin/login.ftl"("zh_CN", UTF-8, parsed); will try to load it.
2020-04-19 20:29:35 DEBUG cache:44 - TemplateLoader.findTemplateSource("admin/login_zh_CN.ftl"): Not found
2020-04-19 20:29:35 DEBUG cache:44 - TemplateLoader.findTemplateSource("admin/login_zh.ftl"): Not found
2020-04-19 20:29:35 DEBUG cache:44 - TemplateLoader.findTemplateSource("admin/login.ftl"): Found
2020-04-19 20:29:35 DEBUG cache:44 - Loading template for "admin/login.ftl"("zh_CN", UTF-8, parsed) from "D:\\LHJ\\SpringBootProject\\Second2.0\\target\\classes\\templates\\admin\\login.ftl"
2020-04-19 20:29:36 DEBUG cache:44 - "admin/login.ftl"("zh_CN", UTF-8, parsed) cached copy not yet stale; using cached.
2020-04-19 20:29:49 DEBUG cache:44 - Couldn't find template in cache for "admin/index.ftl"("zh_CN", UTF-8, parsed); will try to load it.
2020-04-19 20:29:49 DEBUG cache:44 - TemplateLoader.findTemplateSource("admin/index_zh_CN.ftl"): Not found
2020-04-19 20:29:49 DEBUG cache:44 - TemplateLoader.findTemplateSource("admin/index_zh.ftl"): Not found
2020-04-19 20:29:49 DEBUG cache:44 - TemplateLoader.findTemplateSource("admin/index.ftl"): Found
2020-04-19 20:29:49 DEBUG cache:44 - Loading template for "admin/index.ftl"("zh_CN", UTF-8, parsed) from "D:\\LHJ\\SpringBootProject\\Second2.0\\target\\classes\\templates\\admin\\index.ftl"
2020-04-19 20:29:49 DEBUG cache:44 - "admin/index.ftl"("zh_CN", UTF-8, parsed) cached copy not yet stale; using cached.
2020-04-19 20:29:50 DEBUG cache:44 - Couldn't find template in cache for "admin/welcome.ftl"("zh_CN", UTF-8, parsed); will try to load it.
2020-04-19 20:29:50 DEBUG cache:44 - TemplateLoader.findTemplateSource("admin/welcome_zh_CN.ftl"): Not found
2020-04-19 20:29:50 DEBUG cache:44 - TemplateLoader.findTemplateSource("admin/welcome_zh.ftl"): Not found
2020-04-19 20:29:50 DEBUG cache:44 - TemplateLoader.findTemplateSource("admin/welcome.ftl"): Found
2020-04-19 20:29:50 DEBUG cache:44 - Loading template for "admin/welcome.ftl"("zh_CN", UTF-8, parsed) from "D:\\LHJ\\SpringBootProject\\Second2.0\\target\\classes\\templates\\admin\\welcome.ftl"
2020-04-19 20:29:50 DEBUG cache:44 - "admin/welcome.ftl"("zh_CN", UTF-8, parsed) cached copy not yet stale; using cached.
2020-04-19 20:30:07 DEBUG cache:44 - Couldn't find template in cache for "error.ftl"("zh_CN", UTF-8, parsed); will try to load it.
2020-04-19 20:30:07 DEBUG cache:44 - TemplateLoader.findTemplateSource("error_zh_CN.ftl"): Not found
2020-04-19 20:30:07 DEBUG cache:44 - TemplateLoader.findTemplateSource("error_zh.ftl"): Not found
2020-04-19 20:30:07 DEBUG cache:44 - TemplateLoader.findTemplateSource("error.ftl"): Not found
2020-04-19 20:30:18 DEBUG cache:44 - TemplateLoader.findTemplateSource("error_zh_CN.ftl"): Not found
2020-04-19 20:30:18 DEBUG cache:44 - TemplateLoader.findTemplateSource("error_zh.ftl"): Not found
2020-04-19 20:30:18 DEBUG cache:44 - TemplateLoader.findTemplateSource("error.ftl"): Not found
2020-04-19 20:30:18 DEBUG cache:44 - "error.ftl"("zh_CN", UTF-8, parsed) no source found.
2020-04-19 20:30:21 DEBUG cache:44 - "error.ftl"("zh_CN", UTF-8, parsed) cached copy not yet stale; using cached.
2020-04-19 20:30:36 DEBUG cache:44 - TemplateLoader.findTemplateSource("admin/index_zh_CN.ftl"): Not found
2020-04-19 20:30:36 DEBUG cache:44 - TemplateLoader.findTemplateSource("admin/index_zh.ftl"): Not found
2020-04-19 20:30:36 DEBUG cache:44 - TemplateLoader.findTemplateSource("admin/index.ftl"): Found
2020-04-19 20:30:36 DEBUG cache:44 - "admin/index.ftl"("zh_CN", UTF-8, parsed): using cached since D:\LHJ\SpringBootProject\Second2.0\target\classes\templates\admin\index.ftl hasn't changed.
2020-04-19 20:30:36 DEBUG cache:44 - "admin/index.ftl"("zh_CN", UTF-8, parsed) cached copy not yet stale; using cached.
2020-04-19 20:30:36 DEBUG cache:44 - TemplateLoader.findTemplateSource("admin/welcome_zh_CN.ftl"): Not found
2020-04-19 20:30:36 DEBUG cache:44 - TemplateLoader.findTemplateSource("admin/welcome_zh.ftl"): Not found
2020-04-19 20:30:36 DEBUG cache:44 - TemplateLoader.findTemplateSource("admin/welcome.ftl"): Found
2020-04-19 20:30:36 DEBUG cache:44 - "admin/welcome.ftl"("zh_CN", UTF-8, parsed): using cached since D:\LHJ\SpringBootProject\Second2.0\target\classes\templates\admin\welcome.ftl hasn't changed.
2020-04-19 20:30:36 DEBUG cache:44 - "admin/welcome.ftl"("zh_CN", UTF-8, parsed) cached copy not yet stale; using cached.
2020-04-19 20:31:47 DEBUG cache:44 - Couldn't find template in cache for "admin/login.ftl"("zh_CN", UTF-8, parsed); will try to load it.
2020-04-19 20:31:47 DEBUG cache:44 - TemplateLoader.findTemplateSource("admin/login_zh_CN.ftl"): Not found
2020-04-19 20:31:47 DEBUG cache:44 - TemplateLoader.findTemplateSource("admin/login_zh.ftl"): Not found
2020-04-19 20:31:47 DEBUG cache:44 - TemplateLoader.findTemplateSource("admin/login.ftl"): Found
2020-04-19 20:31:47 DEBUG cache:44 - Loading template for "admin/login.ftl"("zh_CN", UTF-8, parsed) from "D:\\LHJ\\SpringBootProject\\Second2.0\\target\\classes\\templates\\admin\\login.ftl"
2020-04-19 20:31:47 DEBUG cache:44 - "admin/login.ftl"("zh_CN", UTF-8, parsed) cached copy not yet stale; using cached.
2020-04-19 20:31:53 DEBUG cache:44 - Couldn't find template in cache for "admin/index.ftl"("zh_CN", UTF-8, parsed); will try to load it.
2020-04-19 20:31:53 DEBUG cache:44 - TemplateLoader.findTemplateSource("admin/index_zh_CN.ftl"): Not found
2020-04-19 20:31:53 DEBUG cache:44 - TemplateLoader.findTemplateSource("admin/index_zh.ftl"): Not found
2020-04-19 20:31:53 DEBUG cache:44 - TemplateLoader.findTemplateSource("admin/index.ftl"): Found
2020-04-19 20:31:53 DEBUG cache:44 - Loading template for "admin/index.ftl"("zh_CN", UTF-8, parsed) from "D:\\LHJ\\SpringBootProject\\Second2.0\\target\\classes\\templates\\admin\\index.ftl"
2020-04-19 20:31:53 DEBUG cache:44 - "admin/index.ftl"("zh_CN", UTF-8, parsed) cached copy not yet stale; using cached.
2020-04-19 20:31:53 INFO  beans:64 - Detected multiple classes with the same name, "cn.second.lhj.menu.vm.MenuVM". Assuming it was a class-reloading. Clearing class introspection caches to release old data.
2020-04-19 20:31:54 DEBUG cache:44 - Couldn't find template in cache for "admin/welcome.ftl"("zh_CN", UTF-8, parsed); will try to load it.
2020-04-19 20:31:54 DEBUG cache:44 - TemplateLoader.findTemplateSource("admin/welcome_zh_CN.ftl"): Not found
2020-04-19 20:31:54 DEBUG cache:44 - TemplateLoader.findTemplateSource("admin/welcome_zh.ftl"): Not found
2020-04-19 20:31:54 DEBUG cache:44 - TemplateLoader.findTemplateSource("admin/welcome.ftl"): Found
2020-04-19 20:31:54 DEBUG cache:44 - Loading template for "admin/welcome.ftl"("zh_CN", UTF-8, parsed) from "D:\\LHJ\\SpringBootProject\\Second2.0\\target\\classes\\templates\\admin\\welcome.ftl"
2020-04-19 20:31:54 DEBUG cache:44 - "admin/welcome.ftl"("zh_CN", UTF-8, parsed) cached copy not yet stale; using cached.
2020-04-19 20:31:58 DEBUG cache:44 - Couldn't find template in cache for "menu/Table.ftl"("zh_CN", UTF-8, parsed); will try to load it.
2020-04-19 20:31:58 DEBUG cache:44 - TemplateLoader.findTemplateSource("menu/Table_zh_CN.ftl"): Not found
2020-04-19 20:31:58 DEBUG cache:44 - TemplateLoader.findTemplateSource("menu/Table_zh.ftl"): Not found
2020-04-19 20:31:58 DEBUG cache:44 - TemplateLoader.findTemplateSource("menu/Table.ftl"): Found
2020-04-19 20:31:58 DEBUG cache:44 - Loading template for "menu/Table.ftl"("zh_CN", UTF-8, parsed) from "D:\\LHJ\\SpringBootProject\\Second2.0\\target\\classes\\templates\\menu\\Table.ftl"
2020-04-19 20:31:58 DEBUG cache:44 - "menu/Table.ftl"("zh_CN", UTF-8, parsed) cached copy not yet stale; using cached.
2020-04-19 20:32:03 DEBUG cache:44 - Couldn't find template in cache for "applykind/Table.ftl"("zh_CN", UTF-8, parsed); will try to load it.
2020-04-19 20:32:03 DEBUG cache:44 - TemplateLoader.findTemplateSource("applykind/Table_zh_CN.ftl"): Not found
2020-04-19 20:32:03 DEBUG cache:44 - TemplateLoader.findTemplateSource("applykind/Table_zh.ftl"): Not found
2020-04-19 20:32:03 DEBUG cache:44 - TemplateLoader.findTemplateSource("applykind/Table.ftl"): Found
2020-04-19 20:32:03 DEBUG cache:44 - Loading template for "applykind/Table.ftl"("zh_CN", UTF-8, parsed) from "D:\\LHJ\\SpringBootProject\\Second2.0\\target\\classes\\templates\\applykind\\Table.ftl"
2020-04-19 20:32:03 DEBUG cache:44 - "applykind/Table.ftl"("zh_CN", UTF-8, parsed) cached copy not yet stale; using cached.
2020-04-19 20:32:09 DEBUG cache:44 - TemplateLoader.findTemplateSource("applykind/Table_zh_CN.ftl"): Not found
2020-04-19 20:32:09 DEBUG cache:44 - TemplateLoader.findTemplateSource("applykind/Table_zh.ftl"): Not found
2020-04-19 20:32:09 DEBUG cache:44 - TemplateLoader.findTemplateSource("applykind/Table.ftl"): Found
2020-04-19 20:32:09 DEBUG cache:44 - "applykind/Table.ftl"("zh_CN", UTF-8, parsed): using cached since D:\LHJ\SpringBootProject\Second2.0\target\classes\templates\applykind\Table.ftl hasn't changed.
2020-04-19 20:32:09 DEBUG cache:44 - "applykind/Table.ftl"("zh_CN", UTF-8, parsed) cached copy not yet stale; using cached.
2020-04-19 20:32:13 DEBUG cache:44 - "applykind/Table.ftl"("zh_CN", UTF-8, parsed) cached copy not yet stale; using cached.
2020-04-19 20:32:13 DEBUG cache:44 - "applykind/Table.ftl"("zh_CN", UTF-8, parsed) cached copy not yet stale; using cached.
2020-04-19 20:32:16 DEBUG cache:44 - TemplateLoader.findTemplateSource("applykind/Table_zh_CN.ftl"): Not found
2020-04-19 20:32:16 DEBUG cache:44 - TemplateLoader.findTemplateSource("applykind/Table_zh.ftl"): Not found
2020-04-19 20:32:16 DEBUG cache:44 - TemplateLoader.findTemplateSource("applykind/Table.ftl"): Found
2020-04-19 20:32:16 DEBUG cache:44 - "applykind/Table.ftl"("zh_CN", UTF-8, parsed): using cached since D:\LHJ\SpringBootProject\Second2.0\target\classes\templates\applykind\Table.ftl hasn't changed.
2020-04-19 20:32:16 DEBUG cache:44 - "applykind/Table.ftl"("zh_CN", UTF-8, parsed) cached copy not yet stale; using cached.
2020-04-19 20:32:20 DEBUG cache:44 - Couldn't find template in cache for "apply/Table.ftl"("zh_CN", UTF-8, parsed); will try to load it.
2020-04-19 20:32:20 DEBUG cache:44 - TemplateLoader.findTemplateSource("apply/Table_zh_CN.ftl"): Not found
2020-04-19 20:32:20 DEBUG cache:44 - TemplateLoader.findTemplateSource("apply/Table_zh.ftl"): Not found
2020-04-19 20:32:20 DEBUG cache:44 - TemplateLoader.findTemplateSource("apply/Table.ftl"): Found
2020-04-19 20:32:20 DEBUG cache:44 - Loading template for "apply/Table.ftl"("zh_CN", UTF-8, parsed) from "D:\\LHJ\\SpringBootProject\\Second2.0\\target\\classes\\templates\\apply\\Table.ftl"
2020-04-19 20:32:20 DEBUG cache:44 - "apply/Table.ftl"("zh_CN", UTF-8, parsed) cached copy not yet stale; using cached.
2020-04-19 20:32:27 DEBUG cache:44 - Couldn't find template in cache for "AssoAct/Table.ftl"("zh_CN", UTF-8, parsed); will try to load it.
2020-04-19 20:32:27 DEBUG cache:44 - TemplateLoader.findTemplateSource("AssoAct/Table_zh_CN.ftl"): Not found
2020-04-19 20:32:27 DEBUG cache:44 - TemplateLoader.findTemplateSource("AssoAct/Table_zh.ftl"): Not found
2020-04-19 20:32:27 DEBUG cache:44 - TemplateLoader.findTemplateSource("AssoAct/Table.ftl"): Found
2020-04-19 20:32:27 DEBUG cache:44 - Loading template for "AssoAct/Table.ftl"("zh_CN", UTF-8, parsed) from "D:\\LHJ\\SpringBootProject\\Second2.0\\target\\classes\\templates\\AssoAct\\Table.ftl"
2020-04-19 20:32:27 DEBUG cache:44 - "AssoAct/Table.ftl"("zh_CN", UTF-8, parsed) cached copy not yet stale; using cached.
2020-04-19 20:32:27 DEBUG cache:44 - "AssoAct/Table.ftl"("zh_CN", UTF-8, parsed) cached copy not yet stale; using cached.
2020-04-19 20:32:27 DEBUG cache:44 - "AssoAct/Table.ftl"("zh_CN", UTF-8, parsed) cached copy not yet stale; using cached.
2020-04-19 20:32:28 DEBUG cache:44 - Couldn't find template in cache for "AssoAct/AddForm.ftl"("zh_CN", UTF-8, parsed); will try to load it.
2020-04-19 20:32:28 DEBUG cache:44 - TemplateLoader.findTemplateSource("AssoAct/AddForm_zh_CN.ftl"): Not found
2020-04-19 20:32:28 DEBUG cache:44 - TemplateLoader.findTemplateSource("AssoAct/AddForm_zh.ftl"): Not found
2020-04-19 20:32:28 DEBUG cache:44 - TemplateLoader.findTemplateSource("AssoAct/AddForm.ftl"): Found
2020-04-19 20:32:28 DEBUG cache:44 - Loading template for "AssoAct/AddForm.ftl"("zh_CN", UTF-8, parsed) from "D:\\LHJ\\SpringBootProject\\Second2.0\\target\\classes\\templates\\AssoAct\\AddForm.ftl"
2020-04-19 20:32:28 DEBUG cache:44 - "AssoAct/AddForm.ftl"("zh_CN", UTF-8, parsed) cached copy not yet stale; using cached.
2020-04-19 21:41:45 DEBUG cache:44 - Couldn't find template in cache for "admin/login.ftl"("zh_CN", UTF-8, parsed); will try to load it.
2020-04-19 21:41:45 DEBUG cache:44 - TemplateLoader.findTemplateSource("admin/login_zh_CN.ftl"): Not found
2020-04-19 21:41:45 DEBUG cache:44 - TemplateLoader.findTemplateSource("admin/login_zh.ftl"): Not found
2020-04-19 21:41:45 DEBUG cache:44 - TemplateLoader.findTemplateSource("admin/login.ftl"): Found
2020-04-19 21:41:45 DEBUG cache:44 - Loading template for "admin/login.ftl"("zh_CN", UTF-8, parsed) from "D:\\LHJ\\SpringBootProject\\Second2.0\\target\\classes\\templates\\admin\\login.ftl"
2020-04-19 21:41:45 DEBUG cache:44 - "admin/login.ftl"("zh_CN", UTF-8, parsed) cached copy not yet stale; using cached.
2020-04-19 21:41:46 DEBUG cache:44 - "admin/login.ftl"("zh_CN", UTF-8, parsed) cached copy not yet stale; using cached.
2020-04-19 21:41:46 DEBUG cache:44 - "admin/login.ftl"("zh_CN", UTF-8, parsed) cached copy not yet stale; using cached.
2020-04-19 21:41:53 DEBUG cache:44 - Couldn't find template in cache for "admin/index.ftl"("zh_CN", UTF-8, parsed); will try to load it.
2020-04-19 21:41:53 DEBUG cache:44 - TemplateLoader.findTemplateSource("admin/index_zh_CN.ftl"): Not found
2020-04-19 21:41:53 DEBUG cache:44 - TemplateLoader.findTemplateSource("admin/index_zh.ftl"): Not found
2020-04-19 21:41:53 DEBUG cache:44 - TemplateLoader.findTemplateSource("admin/index.ftl"): Found
2020-04-19 21:41:53 DEBUG cache:44 - Loading template for "admin/index.ftl"("zh_CN", UTF-8, parsed) from "D:\\LHJ\\SpringBootProject\\Second2.0\\target\\classes\\templates\\admin\\index.ftl"
2020-04-19 21:41:53 DEBUG cache:44 - "admin/index.ftl"("zh_CN", UTF-8, parsed) cached copy not yet stale; using cached.
2020-04-19 21:41:53 DEBUG cache:44 - Couldn't find template in cache for "admin/welcome.ftl"("zh_CN", UTF-8, parsed); will try to load it.
2020-04-19 21:41:53 DEBUG cache:44 - TemplateLoader.findTemplateSource("admin/welcome_zh_CN.ftl"): Not found
2020-04-19 21:41:53 DEBUG cache:44 - TemplateLoader.findTemplateSource("admin/welcome_zh.ftl"): Not found
2020-04-19 21:41:53 DEBUG cache:44 - TemplateLoader.findTemplateSource("admin/welcome.ftl"): Found
2020-04-19 21:41:53 DEBUG cache:44 - Loading template for "admin/welcome.ftl"("zh_CN", UTF-8, parsed) from "D:\\LHJ\\SpringBootProject\\Second2.0\\target\\classes\\templates\\admin\\welcome.ftl"
2020-04-19 21:41:53 DEBUG cache:44 - "admin/welcome.ftl"("zh_CN", UTF-8, parsed) cached copy not yet stale; using cached.
2020-04-19 21:42:10 DEBUG cache:44 - Couldn't find template in cache for "menu/Table.ftl"("zh_CN", UTF-8, parsed); will try to load it.
2020-04-19 21:42:10 DEBUG cache:44 - TemplateLoader.findTemplateSource("menu/Table_zh_CN.ftl"): Not found
2020-04-19 21:42:10 DEBUG cache:44 - TemplateLoader.findTemplateSource("menu/Table_zh.ftl"): Not found
2020-04-19 21:42:10 DEBUG cache:44 - TemplateLoader.findTemplateSource("menu/Table.ftl"): Found
2020-04-19 21:42:10 DEBUG cache:44 - Loading template for "menu/Table.ftl"("zh_CN", UTF-8, parsed) from "D:\\LHJ\\SpringBootProject\\Second2.0\\target\\classes\\templates\\menu\\Table.ftl"
2020-04-19 21:42:10 DEBUG cache:44 - "menu/Table.ftl"("zh_CN", UTF-8, parsed) cached copy not yet stale; using cached.
2020-04-19 21:42:10 DEBUG cache:44 - "menu/Table.ftl"("zh_CN", UTF-8, parsed) cached copy not yet stale; using cached.
2020-04-19 21:42:10 DEBUG cache:44 - "menu/Table.ftl"("zh_CN", UTF-8, parsed) cached copy not yet stale; using cached.
2020-04-19 21:42:14 DEBUG cache:44 - Couldn't find template in cache for "apply/Table.ftl"("zh_CN", UTF-8, parsed); will try to load it.
2020-04-19 21:42:14 DEBUG cache:44 - TemplateLoader.findTemplateSource("apply/Table_zh_CN.ftl"): Not found
2020-04-19 21:42:14 DEBUG cache:44 - TemplateLoader.findTemplateSource("apply/Table_zh.ftl"): Not found
2020-04-19 21:42:14 DEBUG cache:44 - TemplateLoader.findTemplateSource("apply/Table.ftl"): Found
2020-04-19 21:42:14 DEBUG cache:44 - Loading template for "apply/Table.ftl"("zh_CN", UTF-8, parsed) from "D:\\LHJ\\SpringBootProject\\Second2.0\\target\\classes\\templates\\apply\\Table.ftl"
2020-04-19 21:42:14 DEBUG cache:44 - "apply/Table.ftl"("zh_CN", UTF-8, parsed) cached copy not yet stale; using cached.
2020-04-19 21:42:14 DEBUG cache:44 - "apply/Table.ftl"("zh_CN", UTF-8, parsed) cached copy not yet stale; using cached.
2020-04-19 21:42:14 DEBUG cache:44 - "apply/Table.ftl"("zh_CN", UTF-8, parsed) cached copy not yet stale; using cached.
2020-04-19 22:46:43 DEBUG cache:44 - Couldn't find template in cache for "admin/login.ftl"("zh_CN", UTF-8, parsed); will try to load it.
2020-04-19 22:46:43 DEBUG cache:44 - TemplateLoader.findTemplateSource("admin/login_zh_CN.ftl"): Not found
2020-04-19 22:46:43 DEBUG cache:44 - TemplateLoader.findTemplateSource("admin/login_zh.ftl"): Not found
2020-04-19 22:46:43 DEBUG cache:44 - TemplateLoader.findTemplateSource("admin/login.ftl"): Found
2020-04-19 22:46:43 DEBUG cache:44 - Loading template for "admin/login.ftl"("zh_CN", UTF-8, parsed) from "D:\\LHJ\\SpringBootProject\\Second2.0\\target\\classes\\templates\\admin\\login.ftl"
2020-04-19 22:46:43 DEBUG cache:44 - "admin/login.ftl"("zh_CN", UTF-8, parsed) cached copy not yet stale; using cached.
2020-04-19 22:46:46 DEBUG cache:44 - "admin/login.ftl"("zh_CN", UTF-8, parsed) cached copy not yet stale; using cached.
2020-04-19 22:46:46 DEBUG cache:44 - "admin/login.ftl"("zh_CN", UTF-8, parsed) cached copy not yet stale; using cached.
2020-04-19 22:46:46 DEBUG cache:44 - "admin/login.ftl"("zh_CN", UTF-8, parsed) cached copy not yet stale; using cached.
2020-04-19 22:46:46 DEBUG cache:44 - "admin/login.ftl"("zh_CN", UTF-8, parsed) cached copy not yet stale; using cached.
2020-04-19 22:46:52 DEBUG cache:44 - Couldn't find template in cache for "admin/index.ftl"("zh_CN", UTF-8, parsed); will try to load it.
2020-04-19 22:46:52 DEBUG cache:44 - TemplateLoader.findTemplateSource("admin/index_zh_CN.ftl"): Not found
2020-04-19 22:46:52 DEBUG cache:44 - TemplateLoader.findTemplateSource("admin/index_zh.ftl"): Not found
2020-04-19 22:46:52 DEBUG cache:44 - TemplateLoader.findTemplateSource("admin/index.ftl"): Found
2020-04-19 22:46:52 DEBUG cache:44 - Loading template for "admin/index.ftl"("zh_CN", UTF-8, parsed) from "D:\\LHJ\\SpringBootProject\\Second2.0\\target\\classes\\templates\\admin\\index.ftl"
2020-04-19 22:46:52 DEBUG cache:44 - "admin/index.ftl"("zh_CN", UTF-8, parsed) cached copy not yet stale; using cached.
2020-04-19 22:46:52 INFO  beans:64 - Detected multiple classes with the same name, "cn.second.lhj.menu.vm.MenuVM". Assuming it was a class-reloading. Clearing class introspection caches to release old data.
2020-04-19 22:46:52 DEBUG cache:44 - Couldn't find template in cache for "admin/welcome.ftl"("zh_CN", UTF-8, parsed); will try to load it.
2020-04-19 22:46:52 DEBUG cache:44 - TemplateLoader.findTemplateSource("admin/welcome_zh_CN.ftl"): Not found
2020-04-19 22:46:52 DEBUG cache:44 - TemplateLoader.findTemplateSource("admin/welcome_zh.ftl"): Not found
2020-04-19 22:46:52 DEBUG cache:44 - TemplateLoader.findTemplateSource("admin/welcome.ftl"): Found
2020-04-19 22:46:52 DEBUG cache:44 - Loading template for "admin/welcome.ftl"("zh_CN", UTF-8, parsed) from "D:\\LHJ\\SpringBootProject\\Second2.0\\target\\classes\\templates\\admin\\welcome.ftl"
2020-04-19 22:46:52 DEBUG cache:44 - "admin/welcome.ftl"("zh_CN", UTF-8, parsed) cached copy not yet stale; using cached.
2020-04-19 22:46:58 DEBUG cache:44 - Couldn't find template in cache for "AssoAct/AddForm.ftl"("zh_CN", UTF-8, parsed); will try to load it.
2020-04-19 22:46:58 DEBUG cache:44 - TemplateLoader.findTemplateSource("AssoAct/AddForm_zh_CN.ftl"): Not found
2020-04-19 22:46:58 DEBUG cache:44 - TemplateLoader.findTemplateSource("AssoAct/AddForm_zh.ftl"): Not found
2020-04-19 22:46:58 DEBUG cache:44 - TemplateLoader.findTemplateSource("AssoAct/AddForm.ftl"): Found
2020-04-19 22:46:58 DEBUG cache:44 - Loading template for "AssoAct/AddForm.ftl"("zh_CN", UTF-8, parsed) from "D:\\LHJ\\SpringBootProject\\Second2.0\\target\\classes\\templates\\AssoAct\\AddForm.ftl"
2020-04-19 22:46:59 DEBUG cache:44 - "AssoAct/AddForm.ftl"("zh_CN", UTF-8, parsed) cached copy not yet stale; using cached.
2020-04-19 22:47:56 DEBUG cache:44 - Couldn't find template in cache for "AssoAct/Table.ftl"("zh_CN", UTF-8, parsed); will try to load it.
2020-04-19 22:47:56 DEBUG cache:44 - TemplateLoader.findTemplateSource("AssoAct/Table_zh_CN.ftl"): Not found
2020-04-19 22:47:56 DEBUG cache:44 - TemplateLoader.findTemplateSource("AssoAct/Table_zh.ftl"): Not found
2020-04-19 22:47:56 DEBUG cache:44 - TemplateLoader.findTemplateSource("AssoAct/Table.ftl"): Found
2020-04-19 22:47:56 DEBUG cache:44 - Loading template for "AssoAct/Table.ftl"("zh_CN", UTF-8, parsed) from "D:\\LHJ\\SpringBootProject\\Second2.0\\target\\classes\\templates\\AssoAct\\Table.ftl"
2020-04-19 22:47:56 DEBUG cache:44 - "AssoAct/Table.ftl"("zh_CN", UTF-8, parsed) cached copy not yet stale; using cached.
2020-04-19 22:51:59 DEBUG cache:44 - Couldn't find template in cache for "applykind/Table.ftl"("zh_CN", UTF-8, parsed); will try to load it.
2020-04-19 22:51:59 DEBUG cache:44 - TemplateLoader.findTemplateSource("applykind/Table_zh_CN.ftl"): Not found
2020-04-19 22:51:59 DEBUG cache:44 - TemplateLoader.findTemplateSource("applykind/Table_zh.ftl"): Not found
2020-04-19 22:51:59 DEBUG cache:44 - TemplateLoader.findTemplateSource("applykind/Table.ftl"): Found
2020-04-19 22:51:59 DEBUG cache:44 - Loading template for "applykind/Table.ftl"("zh_CN", UTF-8, parsed) from "D:\\LHJ\\SpringBootProject\\Second2.0\\target\\classes\\templates\\applykind\\Table.ftl"
2020-04-19 22:51:59 DEBUG cache:44 - "applykind/Table.ftl"("zh_CN", UTF-8, parsed) cached copy not yet stale; using cached.
2020-04-19 22:52:00 DEBUG cache:44 - Couldn't find template in cache for "apply/Table.ftl"("zh_CN", UTF-8, parsed); will try to load it.
2020-04-19 22:52:00 DEBUG cache:44 - TemplateLoader.findTemplateSource("apply/Table_zh_CN.ftl"): Not found
2020-04-19 22:52:00 DEBUG cache:44 - TemplateLoader.findTemplateSource("apply/Table_zh.ftl"): Not found
2020-04-19 22:52:00 DEBUG cache:44 - TemplateLoader.findTemplateSource("apply/Table.ftl"): Found
2020-04-19 22:52:00 DEBUG cache:44 - Loading template for "apply/Table.ftl"("zh_CN", UTF-8, parsed) from "D:\\LHJ\\SpringBootProject\\Second2.0\\target\\classes\\templates\\apply\\Table.ftl"
2020-04-19 22:52:00 DEBUG cache:44 - "apply/Table.ftl"("zh_CN", UTF-8, parsed) cached copy not yet stale; using cached.
